// Jest Snapshot v1, https://goo.gl/fbAQLP

exports[`renders homepage unchanged 1`] = `
<div
  className="container"
>
  <main>
    <h1
      className="title"
    >
      Welcome to 
      <a
        href="https://nextjs.org"
      >
        Next.js!
      </a>
    </h1>
    <p
      className="description"
    >
      Get started by editing 
      <code>
        pages/index.js
      </code>
    </p>
    <div
      className="grid"
    >
      <a
        className="card"
        href="https://nextjs.org/docs"
      >
        <h3>
          Documentation →
        </h3>
        <p>
          Find in-depth information about Next.js features and API.
        </p>
      </a>
      <a
        className="card"
        href="https://nextjs.org/learn"
      >
        <h3>
          Learn →
        </h3>
        <p>
          Learn about Next.js in an interactive course with quizzes!
        </p>
      </a>
      <a
        className="card"
        href="https://github.com/zeit/next.js/tree/master/examples"
      >
        <h3>
          Examples →
        </h3>
        <p>
          Discover and deploy boilerplate example Next.js projects.
        </p>
      </a>
      <a
        className="card"
        href="https://zeit.co/new/nextjs"
      >
        <h3>
          Deploy →
        </h3>
        <p>
          Instantly deploy your Next.js site to a public URL with ZEIT Now.
        </p>
      </a>
    </div>
  </main>
  <footer>
    <a
      href="https://zeit.co"
      rel="noopener noreferrer"
      target="_blank"
    >
      Powered by 
      <img
        alt="ZEIT Logo"
        src="/zeit.svg"
      />
    </a>
  </footer>
</div>
`;
